/home/ck/Desktop/Workspace/STM32CubeIDE Workspace/STM32N6570_Loader/Middlewares/ST/STM32_ExtMem_Manager/sal/stm32_sal_xspi.c:183:19:SAL_XSPI_SetClock	32	static
/home/ck/Desktop/Workspace/STM32CubeIDE Workspace/STM32N6570_Loader/Middlewares/ST/STM32_ExtMem_Manager/sal/stm32_sal_xspi.c:228:19:SAL_XSPI_Init	96	static
/home/ck/Desktop/Workspace/STM32CubeIDE Workspace/STM32N6570_Loader/Middlewares/ST/STM32_ExtMem_Manager/sal/stm32_sal_xspi.c:281:19:SAL_XSPI_MemoryConfig	104	static
/home/ck/Desktop/Workspace/STM32CubeIDE Workspace/STM32N6570_Loader/Middlewares/ST/STM32_ExtMem_Manager/sal/stm32_sal_xspi.c:503:19:SAL_XSPI_GetSFDP	104	static
/home/ck/Desktop/Workspace/STM32CubeIDE Workspace/STM32N6570_Loader/Middlewares/ST/STM32_ExtMem_Manager/sal/stm32_sal_xspi.c:566:19:SAL_XSPI_GetId	104	static
/home/ck/Desktop/Workspace/STM32CubeIDE Workspace/STM32N6570_Loader/Middlewares/ST/STM32_ExtMem_Manager/sal/stm32_sal_xspi.c:626:19:SAL_XSPI_Read	104	static
/home/ck/Desktop/Workspace/STM32CubeIDE Workspace/STM32N6570_Loader/Middlewares/ST/STM32_ExtMem_Manager/sal/stm32_sal_xspi.c:695:19:SAL_XSPI_Write	104	static
/home/ck/Desktop/Workspace/STM32CubeIDE Workspace/STM32N6570_Loader/Middlewares/ST/STM32_ExtMem_Manager/sal/stm32_sal_xspi.c:741:19:SAL_XSPI_CommandSendAddress	104	static
/home/ck/Desktop/Workspace/STM32CubeIDE Workspace/STM32N6570_Loader/Middlewares/ST/STM32_ExtMem_Manager/sal/stm32_sal_xspi.c:778:19:SAL_XSPI_CommandSendData	104	static
/home/ck/Desktop/Workspace/STM32CubeIDE Workspace/STM32N6570_Loader/Middlewares/ST/STM32_ExtMem_Manager/sal/stm32_sal_xspi.c:821:19:SAL_XSPI_SendReadCommand	104	static
/home/ck/Desktop/Workspace/STM32CubeIDE Workspace/STM32N6570_Loader/Middlewares/ST/STM32_ExtMem_Manager/sal/stm32_sal_xspi.c:877:19:SAL_XSPI_CommandSendReadAddress	104	static
/home/ck/Desktop/Workspace/STM32CubeIDE Workspace/STM32N6570_Loader/Middlewares/ST/STM32_ExtMem_Manager/sal/stm32_sal_xspi.c:934:19:SAL_XSPI_CheckStatusRegister	128	static
/home/ck/Desktop/Workspace/STM32CubeIDE Workspace/STM32N6570_Loader/Middlewares/ST/STM32_ExtMem_Manager/sal/stm32_sal_xspi.c:1000:19:SAL_XSPI_ConfigureWrappMode	96	static
/home/ck/Desktop/Workspace/STM32CubeIDE Workspace/STM32N6570_Loader/Middlewares/ST/STM32_ExtMem_Manager/sal/stm32_sal_xspi.c:1034:19:SAL_XSPI_EnableMapMode	112	static
/home/ck/Desktop/Workspace/STM32CubeIDE Workspace/STM32N6570_Loader/Middlewares/ST/STM32_ExtMem_Manager/sal/stm32_sal_xspi.c:1082:19:SAL_XSPI_DisableMapMode	16	static,ignoring_inline_asm
/home/ck/Desktop/Workspace/STM32CubeIDE Workspace/STM32N6570_Loader/Middlewares/ST/STM32_ExtMem_Manager/sal/stm32_sal_xspi.c:1094:19:SAL_XSPI_UpdateMemoryType	24	static
/home/ck/Desktop/Workspace/STM32CubeIDE Workspace/STM32N6570_Loader/Middlewares/ST/STM32_ExtMem_Manager/sal/stm32_sal_xspi.c:1130:19:SAL_XSPI_Abort	16	static
/home/ck/Desktop/Workspace/STM32CubeIDE Workspace/STM32N6570_Loader/Middlewares/ST/STM32_ExtMem_Manager/sal/stm32_sal_xspi.c:1150:10:XSPI_FormatCommand	24	static
/home/ck/Desktop/Workspace/STM32CubeIDE Workspace/STM32N6570_Loader/Middlewares/ST/STM32_ExtMem_Manager/sal/stm32_sal_xspi.c:1185:19:XSPI_Transmit	24	static
/home/ck/Desktop/Workspace/STM32CubeIDE Workspace/STM32N6570_Loader/Middlewares/ST/STM32_ExtMem_Manager/sal/stm32_sal_xspi.c:1227:19:XSPI_Receive	24	static
