/home/ck/Desktop/Workspace/STM32CubeIDE Workspace/STM32N6570_Loader/Middlewares/ST/STM32_ExtMem_Manager/nor_sfdp/stm32_sfdp_data.c:1180:20:SFDP_ReadHeader	24	static
/home/ck/Desktop/Workspace/STM32CubeIDE Workspace/STM32N6570_Loader/Middlewares/ST/STM32_ExtMem_Manager/nor_sfdp/stm32_sfdp_data.c:1231:20:SFDP_GetHeader	48	static
/home/ck/Desktop/Workspace/STM32CubeIDE Workspace/STM32N6570_Loader/Middlewares/ST/STM32_ExtMem_Manager/nor_sfdp/stm32_sfdp_data.c:1288:20:SFDP_CollectData	40	static
/home/ck/Desktop/Workspace/STM32CubeIDE Workspace/STM32N6570_Loader/Middlewares/ST/STM32_ExtMem_Manager/nor_sfdp/stm32_sfdp_data.c:1362:20:SFDP_MemoryReset	32	static
/home/ck/Desktop/Workspace/STM32CubeIDE Workspace/STM32N6570_Loader/Middlewares/ST/STM32_ExtMem_Manager/nor_sfdp/stm32_sfdp_data.c:1509:20:SFDP_BuildGenericDriver	80	static
/home/ck/Desktop/Workspace/STM32CubeIDE Workspace/STM32N6570_Loader/Middlewares/ST/STM32_ExtMem_Manager/nor_sfdp/stm32_sfdp_data.c:2314:38:driver_check_FlagBUSY	56	static
/home/ck/Desktop/Workspace/STM32CubeIDE Workspace/STM32N6570_Loader/Middlewares/ST/STM32_ExtMem_Manager/nor_sfdp/stm32_sfdp_data.c:2376:10:sfdp_getfrequencevalue	56	static
/home/ck/Desktop/Workspace/STM32CubeIDE Workspace/STM32N6570_Loader/Middlewares/ST/STM32_ExtMem_Manager/nor_sfdp/stm32_sfdp_data.c:2395:20:sfdp_get_paraminfo	40	static
/home/ck/Desktop/Workspace/STM32CubeIDE Workspace/STM32N6570_Loader/Middlewares/ST/STM32_ExtMem_Manager/nor_sfdp/stm32_sfdp_data.c:2531:20:sfdp_enter_octal_mode	32	static
/home/ck/Desktop/Workspace/STM32CubeIDE Workspace/STM32N6570_Loader/Middlewares/ST/STM32_ExtMem_Manager/nor_sfdp/stm32_sfdp_data.c:2648:20:sfdp_set_dummycycle	64	static
/home/ck/Desktop/Workspace/STM32CubeIDE Workspace/STM32N6570_Loader/Middlewares/ST/STM32_ExtMem_Manager/nor_sfdp/stm32_sfdp_data.c:2751:20:JEDEC_Basic_ManageQuadEnableRequirement	24	static
/home/ck/Desktop/Workspace/STM32CubeIDE Workspace/STM32N6570_Loader/Middlewares/ST/STM32_ExtMem_Manager/nor_sfdp/stm32_sfdp_data.c:2893:20:JEDEC_Basic_Manage4S4S4SEnableSequence	24	static
/home/ck/Desktop/Workspace/STM32CubeIDE Workspace/STM32N6570_Loader/Middlewares/ST/STM32_ExtMem_Manager/nor_sfdp/stm32_sfdp_data.c:2950:20:CheckSFDP_Signature	24	static
